 
****************************************
Report : constraint
        -all_violators
Design : ChipTop
Version: K-2015.06
Date   : Wed Apr  5 17:11:47 2023
****************************************


   max_transition

                             Required        Actual
   Net                      Transition     Transition        Slack
   -----------------------------------------------------------------
   system/uartClockDomainWrapper/uart_0/rxm_io_out_bits[7] (dont_touch)     1.50     1.63    -0.13 (VIOLATED)
       PIN :   system/uartClockDomainWrapper/U1062/A1     1.50     1.63    -0.13 (VIOLATED)
       PIN :   system/uartClockDomainWrapper/U967/A0N     1.50     1.63    -0.13 (VIOLATED)
       PIN :   system/uartClockDomainWrapper/uart_0/rxm/shifter_reg[7]/Q     1.50     1.63    -0.13 (VIOLATED)
       PIN :   system/uartClockDomainWrapper/uart_0/rxq/U14/A     1.50     1.63    -0.13 (VIOLATED)
   system/uartClockDomainWrapper/uart_0/rxm_io_out_bits[1] (dont_touch)     1.50     1.62    -0.12 (VIOLATED)
       PIN :   system/uartClockDomainWrapper/U1057/B1     1.50     1.62    -0.12 (VIOLATED)
       PIN :   system/uartClockDomainWrapper/U1056/A1     1.50     1.62    -0.12 (VIOLATED)
       PIN :   system/uartClockDomainWrapper/uart_0/rxm/shifter_reg[1]/Q     1.50     1.62    -0.12 (VIOLATED)
       PIN :   system/uartClockDomainWrapper/uart_0/rxq/U17/A     1.50     1.62    -0.12 (VIOLATED)
   system/uartClockDomainWrapper/uart_0/rxm_io_out_bits[2] (dont_touch)     1.50     1.62    -0.12 (VIOLATED)
       PIN :   system/uartClockDomainWrapper/U1058/B1     1.50     1.62    -0.12 (VIOLATED)
       PIN :   system/uartClockDomainWrapper/U1057/A1     1.50     1.62    -0.12 (VIOLATED)
       PIN :   system/uartClockDomainWrapper/uart_0/rxm/shifter_reg[2]/Q     1.50     1.62    -0.12 (VIOLATED)
       PIN :   system/uartClockDomainWrapper/uart_0/rxq/U15/A     1.50     1.62    -0.12 (VIOLATED)
   system/uartClockDomainWrapper/uart_0/rxm_io_out_bits[3] (dont_touch)     1.50     1.62    -0.12 (VIOLATED)
       PIN :   system/uartClockDomainWrapper/U1059/B1     1.50     1.62    -0.12 (VIOLATED)
       PIN :   system/uartClockDomainWrapper/U1058/A1     1.50     1.62    -0.12 (VIOLATED)
       PIN :   system/uartClockDomainWrapper/uart_0/rxm/shifter_reg[3]/Q     1.50     1.62    -0.12 (VIOLATED)
       PIN :   system/uartClockDomainWrapper/uart_0/rxq/U13/A     1.50     1.62    -0.12 (VIOLATED)
   system/uartClockDomainWrapper/uart_0/rxm_io_out_bits[4] (dont_touch)     1.50     1.62    -0.12 (VIOLATED)
       PIN :   system/uartClockDomainWrapper/U1060/B1     1.50     1.62    -0.12 (VIOLATED)
       PIN :   system/uartClockDomainWrapper/U1059/A1     1.50     1.62    -0.12 (VIOLATED)
       PIN :   system/uartClockDomainWrapper/uart_0/rxm/shifter_reg[4]/Q     1.50     1.62    -0.12 (VIOLATED)
       PIN :   system/uartClockDomainWrapper/uart_0/rxq/U12/A     1.50     1.62    -0.12 (VIOLATED)
   system/uartClockDomainWrapper/uart_0/rxm_io_out_bits[5] (dont_touch)     1.50     1.62    -0.12 (VIOLATED)
       PIN :   system/uartClockDomainWrapper/U1061/B1     1.50     1.62    -0.12 (VIOLATED)
       PIN :   system/uartClockDomainWrapper/U1060/A1     1.50     1.62    -0.12 (VIOLATED)
       PIN :   system/uartClockDomainWrapper/uart_0/rxm/shifter_reg[5]/Q     1.50     1.62    -0.12 (VIOLATED)
       PIN :   system/uartClockDomainWrapper/uart_0/rxq/U16/A     1.50     1.62    -0.12 (VIOLATED)
   system/uartClockDomainWrapper/uart_0/rxm_io_out_bits[6] (dont_touch)     1.50     1.62    -0.12 (VIOLATED)
       PIN :   system/uartClockDomainWrapper/U1062/B1     1.50     1.62    -0.12 (VIOLATED)
       PIN :   system/uartClockDomainWrapper/U1061/A1     1.50     1.62    -0.12 (VIOLATED)
       PIN :   system/uartClockDomainWrapper/uart_0/rxm/shifter_reg[6]/Q     1.50     1.62    -0.12 (VIOLATED)
       PIN :   system/uartClockDomainWrapper/uart_0/rxq/U11/A     1.50     1.62    -0.12 (VIOLATED)
   system/n3 (dont_touch)       1.50           1.52          -0.02  (VIOLATED)
       PIN :   system/resetSynchronizer/bundleOut_0_member_allClocks_implicit_clock_reset_catcher/io_sync_reset_chain/output_chain/sync_2_reg/RN     1.50     1.52    -0.02 (VIOLATED)
       PIN :   system/resetSynchronizer/bundleOut_0_member_allClocks_implicit_clock_reset_catcher/io_sync_reset_chain/output_chain/sync_0_reg/RN     1.50     1.52    -0.02 (VIOLATED)
       PIN :   system/resetSynchronizer/bundleOut_0_member_allClocks_implicit_clock_reset_catcher/io_sync_reset_chain/output_chain/sync_1_reg/RN     1.50     1.52    -0.02 (VIOLATED)
       PIN :   system/U4/Y      1.50           1.52          -0.02  (VIOLATED)
   system/n5 (dont_touch)       1.50           1.52          -0.02  (VIOLATED)
       PIN :   system/resetSynchronizer/bundleOut_0_member_allClocks_subsystem_cbus_0_reset_catcher/io_sync_reset_chain/output_chain/sync_0_reg/RN     1.50     1.52    -0.02 (VIOLATED)
       PIN :   system/resetSynchronizer/bundleOut_0_member_allClocks_subsystem_cbus_0_reset_catcher/io_sync_reset_chain/output_chain/sync_2_reg/RN     1.50     1.52    -0.02 (VIOLATED)
       PIN :   system/resetSynchronizer/bundleOut_0_member_allClocks_subsystem_cbus_0_reset_catcher/io_sync_reset_chain/output_chain/sync_1_reg/RN     1.50     1.52    -0.02 (VIOLATED)
       PIN :   system/U5/Y      1.50           1.52          -0.02  (VIOLATED)
   system/n6 (dont_touch)       1.50           1.52          -0.02  (VIOLATED)
       PIN :   system/resetSynchronizer/bundleOut_0_member_allClocks_subsystem_mbus_0_reset_catcher/io_sync_reset_chain/output_chain/sync_0_reg/RN     1.50     1.52    -0.02 (VIOLATED)
       PIN :   system/resetSynchronizer/bundleOut_0_member_allClocks_subsystem_mbus_0_reset_catcher/io_sync_reset_chain/output_chain/sync_2_reg/RN     1.50     1.52    -0.02 (VIOLATED)
       PIN :   system/resetSynchronizer/bundleOut_0_member_allClocks_subsystem_mbus_0_reset_catcher/io_sync_reset_chain/output_chain/sync_1_reg/RN     1.50     1.52    -0.02 (VIOLATED)
       PIN :   system/U6/Y      1.50           1.52          -0.02  (VIOLATED)
   system/n7 (dont_touch)       1.50           1.52          -0.02  (VIOLATED)
       PIN :   system/resetSynchronizer/bundleOut_0_member_allClocks_subsystem_fbus_0_reset_catcher/io_sync_reset_chain/output_chain/sync_0_reg/RN     1.50     1.52    -0.02 (VIOLATED)
       PIN :   system/resetSynchronizer/bundleOut_0_member_allClocks_subsystem_fbus_0_reset_catcher/io_sync_reset_chain/output_chain/sync_2_reg/RN     1.50     1.52    -0.02 (VIOLATED)
       PIN :   system/resetSynchronizer/bundleOut_0_member_allClocks_subsystem_fbus_0_reset_catcher/io_sync_reset_chain/output_chain/sync_1_reg/RN     1.50     1.52    -0.02 (VIOLATED)
       PIN :   system/U7/Y      1.50           1.52          -0.02  (VIOLATED)
   system/subsystem_pbus/n6535 (dont_touch)     1.50     1.50     0.00 (VIOLATED: increase significant digits)
   system/n10 (dont_touch)      1.50           1.50           0.00  (VIOLATED: increase significant digits)
   system/subsystem_l2_wrapper/l2/mods_0/directory/cc_dir/cc_dir_ext/mem_0_3/n3804 (dont_touch)     1.50     1.50     0.00 (VIOLATED: increase significant digits)
   system/subsystem_l2_wrapper/l2/mods_0/bankedStore/cc_banks_2/cc_banks_0_ext/mem_0_0/n4622 (dont_touch)     1.50     1.50     0.00 (VIOLATED: increase significant digits)
   system/subsystem_l2_wrapper/l2/mods_0/bankedStore/cc_banks_6/cc_banks_0_ext/mem_0_0/n4632 (dont_touch)     1.50     1.50     0.00 (VIOLATED: increase significant digits)
   system/subsystem_pbus/oldBytes_7[6] (dont_touch)     1.50     1.50     0.00 (VIOLATED: increase significant digits)

   -----------------------------------------------------------------
   Total                      17                 -0.97  

   max_fanout

                             Required        Actual
   Net                        Fanout         Fanout          Slack
   -----------------------------------------------------------------
   system/subsystem_fbus/n1431 (dont_touch)    10.00    40.00   -30.00 (VIOLATED)
   system/subsystem_fbus/n1982 (dont_touch)    10.00    40.00   -30.00 (VIOLATED)
   system/subsystem_fbus/n2227 (dont_touch)    10.00    40.00   -30.00 (VIOLATED)
   system/subsystem_fbus/n2303 (dont_touch)    10.00    40.00   -30.00 (VIOLATED)
   system/subsystem_fbus/n2318 (dont_touch)    10.00    40.00   -30.00 (VIOLATED)
   system/subsystem_fbus/n2335 (dont_touch)    10.00    40.00   -30.00 (VIOLATED)
   system/subsystem_pbus/n3294 (dont_touch)    10.00    40.00   -30.00 (VIOLATED)
   system/subsystem_pbus/n3303 (dont_touch)    10.00    40.00   -30.00 (VIOLATED)
   system/subsystem_pbus/n3317 (dont_touch)    10.00    40.00   -30.00 (VIOLATED)
   system/subsystem_pbus/n6467 (dont_touch)    10.00    40.00   -30.00 (VIOLATED)
   system/subsystem_pbus/n7154 (dont_touch)    10.00    40.00   -30.00 (VIOLATED)
   system/subsystem_cbus/n12922 (dont_touch)    10.00    39.00   -29.00 (VIOLATED)
   system/subsystem_fbus/n1425 (dont_touch)    10.00    39.00   -29.00 (VIOLATED)
   system/subsystem_fbus/n1914 (dont_touch)    10.00    39.00   -29.00 (VIOLATED)
   system/subsystem_pbus/n5955 (dont_touch)    10.00    39.00   -29.00 (VIOLATED)
   system/subsystem_pbus/n6344 (dont_touch)    10.00    39.00   -29.00 (VIOLATED)
   system/subsystem_pbus/n6791 (dont_touch)    10.00    39.00   -29.00 (VIOLATED)
   system/subsystem_pbus/n6903 (dont_touch)    10.00    39.00   -29.00 (VIOLATED)
   system/subsystem_cbus/n12870 (dont_touch)    10.00    38.00   -28.00 (VIOLATED)
   system/subsystem_pbus/n5461 (dont_touch)    10.00    38.00   -28.00 (VIOLATED)
   system/subsystem_pbus/n6274 (dont_touch)    10.00    38.00   -28.00 (VIOLATED)
   system/subsystem_cbus/n13610 (dont_touch)    10.00    37.00   -27.00 (VIOLATED)
   system/subsystem_pbus/n3284 (dont_touch)    10.00    37.00   -27.00 (VIOLATED)
   system/subsystem_pbus/n6978 (dont_touch)    10.00    36.00   -26.00 (VIOLATED)
   system/subsystem_fbus/n1799 (dont_touch)    10.00    35.00   -25.00 (VIOLATED)
   system/subsystem_pbus/n3305 (dont_touch)    10.00    35.00   -25.00 (VIOLATED)
   system/subsystem_pbus/n4652 (dont_touch)    10.00    35.00   -25.00 (VIOLATED)
   system/subsystem_pbus/n6924 (dont_touch)    10.00    35.00   -25.00 (VIOLATED)
   system/subsystem_fbus/n2182 (dont_touch)    10.00    34.00   -24.00 (VIOLATED)
   system/subsystem_cbus/n13621 (dont_touch)    10.00    33.00   -23.00 (VIOLATED)
   system/subsystem_pbus/n3307 (dont_touch)    10.00    32.00   -22.00 (VIOLATED)
   system/subsystem_pbus/n7133 (dont_touch)    10.00    32.00   -22.00 (VIOLATED)
   system/subsystem_cbus/n13025 (dont_touch)    10.00    31.00   -21.00 (VIOLATED)
   system/subsystem_fbus/n1616 (dont_touch)    10.00    31.00   -21.00 (VIOLATED)
   system/subsystem_mbus/n1989 (dont_touch)    10.00    31.00   -21.00 (VIOLATED)
   system/subsystem_cbus/n5398 (dont_touch)    10.00    30.00   -20.00 (VIOLATED)
   system/subsystem_fbus/n1424 (dont_touch)    10.00    30.00   -20.00 (VIOLATED)
   system/subsystem_fbus/n1437 (dont_touch)    10.00    30.00   -20.00 (VIOLATED)
   system/subsystem_pbus/n6962 (dont_touch)    10.00    30.00   -20.00 (VIOLATED)
   system/subsystem_pbus/n7129 (dont_touch)    10.00    30.00   -20.00 (VIOLATED)
   system/subsystem_cbus/n5415 (dont_touch)    10.00    29.00   -19.00 (VIOLATED)
   system/subsystem_cbus/n5432 (dont_touch)    10.00    29.00   -19.00 (VIOLATED)
   system/subsystem_cbus/n10486 (dont_touch)    10.00    29.00   -19.00 (VIOLATED)
   system/subsystem_cbus/n12921 (dont_touch)    10.00    29.00   -19.00 (VIOLATED)
   system/subsystem_fbus/n1438 (dont_touch)    10.00    29.00   -19.00 (VIOLATED)
   system/subsystem_fbus/n1439 (dont_touch)    10.00    29.00   -19.00 (VIOLATED)
   system/subsystem_fbus/n1440 (dont_touch)    10.00    29.00   -19.00 (VIOLATED)
   system/subsystem_fbus/n1441 (dont_touch)    10.00    29.00   -19.00 (VIOLATED)
   system/subsystem_fbus/n1442 (dont_touch)    10.00    29.00   -19.00 (VIOLATED)
   system/subsystem_fbus/n1443 (dont_touch)    10.00    29.00   -19.00 (VIOLATED)
   system/subsystem_fbus/n1444 (dont_touch)    10.00    29.00   -19.00 (VIOLATED)
   system/subsystem_fbus/n2215 (dont_touch)    10.00    29.00   -19.00 (VIOLATED)
   system/subsystem_fbus/n2295 (dont_touch)    10.00    29.00   -19.00 (VIOLATED)
   system/subsystem_fbus/n2327 (dont_touch)    10.00    29.00   -19.00 (VIOLATED)
   system/subsystem_fbus/n2345 (dont_touch)    10.00    29.00   -19.00 (VIOLATED)
   system/subsystem_pbus/n3273 (dont_touch)    10.00    29.00   -19.00 (VIOLATED)
   system/subsystem_pbus/n5703 (dont_touch)    10.00    29.00   -19.00 (VIOLATED)
   system/subsystem_pbus/n6501 (dont_touch)    10.00    29.00   -19.00 (VIOLATED)
   system/subsystem_cbus/n5392 (dont_touch)    10.00    28.00   -18.00 (VIOLATED)
   system/subsystem_cbus/n10337 (dont_touch)    10.00    28.00   -18.00 (VIOLATED)
   system/subsystem_cbus/n12821 (dont_touch)    10.00    28.00   -18.00 (VIOLATED)
   system/subsystem_cbus/n12897 (dont_touch)    10.00    28.00   -18.00 (VIOLATED)
   system/subsystem_cbus/n12920 (dont_touch)    10.00    28.00   -18.00 (VIOLATED)
   system/subsystem_fbus/n1614 (dont_touch)    10.00    28.00   -18.00 (VIOLATED)
   system/subsystem_fbus/n2293 (dont_touch)    10.00    28.00   -18.00 (VIOLATED)
   system/subsystem_fbus/n2355 (dont_touch)    10.00    28.00   -18.00 (VIOLATED)
   system/subsystem_pbus/n3301 (dont_touch)    10.00    28.00   -18.00 (VIOLATED)
   system/subsystem_cbus/n5384 (dont_touch)    10.00    27.00   -17.00 (VIOLATED)
   system/subsystem_cbus/n5412 (dont_touch)    10.00    27.00   -17.00 (VIOLATED)
   system/subsystem_cbus/n5927 (dont_touch)    10.00    27.00   -17.00 (VIOLATED)
   system/subsystem_cbus/n11505 (dont_touch)    10.00    27.00   -17.00 (VIOLATED)
   system/subsystem_cbus/n12200 (dont_touch)    10.00    27.00   -17.00 (VIOLATED)
   system/subsystem_cbus/n12503 (dont_touch)    10.00    27.00   -17.00 (VIOLATED)
   system/subsystem_cbus/n12807 (dont_touch)    10.00    27.00   -17.00 (VIOLATED)
   system/subsystem_fbus/n1583 (dont_touch)    10.00    27.00   -17.00 (VIOLATED)
   system/subsystem_pbus/n3274 (dont_touch)    10.00    27.00   -17.00 (VIOLATED)
   system/subsystem_pbus/n5580 (dont_touch)    10.00    27.00   -17.00 (VIOLATED)
   system/subsystem_pbus/n6535 (dont_touch)    10.00    27.00   -17.00 (VIOLATED)
   system/subsystem_cbus/n6282 (dont_touch)    10.00    26.00   -16.00 (VIOLATED)
   system/subsystem_cbus/n11539 (dont_touch)    10.00    26.00   -16.00 (VIOLATED)
   system/subsystem_cbus/n11672 (dont_touch)    10.00    26.00   -16.00 (VIOLATED)
   system/subsystem_cbus/n12194 (dont_touch)    10.00    26.00   -16.00 (VIOLATED)
   system/subsystem_cbus/n12660 (dont_touch)    10.00    26.00   -16.00 (VIOLATED)
   system/subsystem_cbus/n12775 (dont_touch)    10.00    26.00   -16.00 (VIOLATED)
   system/subsystem_cbus/n13146 (dont_touch)    10.00    26.00   -16.00 (VIOLATED)
   system/subsystem_cbus/n13166 (dont_touch)    10.00    26.00   -16.00 (VIOLATED)
   system/subsystem_fbus/n1428 (dont_touch)    10.00    26.00   -16.00 (VIOLATED)
   system/subsystem_fbus/n1582 (dont_touch)    10.00    26.00   -16.00 (VIOLATED)
   system/subsystem_pbus/n6350 (dont_touch)    10.00    26.00   -16.00 (VIOLATED)
   system/subsystem_pbus/n6351 (dont_touch)    10.00    26.00   -16.00 (VIOLATED)
   system/subsystem_cbus/n5429 (dont_touch)    10.00    25.00   -15.00 (VIOLATED)
   system/subsystem_cbus/n5446 (dont_touch)    10.00    25.00   -15.00 (VIOLATED)
   system/subsystem_cbus/n12220 (dont_touch)    10.00    25.00   -15.00 (VIOLATED)
   system/subsystem_pbus/n4583 (dont_touch)    10.00    25.00   -15.00 (VIOLATED)
   system/subsystem_pbus/n5782 (dont_touch)    10.00    25.00   -15.00 (VIOLATED)
   system/subsystem_pbus/n5972 (dont_touch)    10.00    25.00   -15.00 (VIOLATED)
   system/subsystem_pbus/n6878 (dont_touch)    10.00    25.00   -15.00 (VIOLATED)
   system/subsystem_pbus/n7107 (dont_touch)    10.00    25.00   -15.00 (VIOLATED)
   system/subsystem_cbus/n5426 (dont_touch)    10.00    24.00   -14.00 (VIOLATED)
   system/subsystem_cbus/n10497 (dont_touch)    10.00    24.00   -14.00 (VIOLATED)
   system/subsystem_cbus/n12482 (dont_touch)    10.00    24.00   -14.00 (VIOLATED)
   system/subsystem_cbus/n12517 (dont_touch)    10.00    24.00   -14.00 (VIOLATED)
   system/subsystem_fbus/n1419 (dont_touch)    10.00    24.00   -14.00 (VIOLATED)
   system/subsystem_fbus/n1420 (dont_touch)    10.00    24.00   -14.00 (VIOLATED)
   system/subsystem_fbus/n2290 (dont_touch)    10.00    24.00   -14.00 (VIOLATED)
   system/subsystem_fbus/n2316 (dont_touch)    10.00    24.00   -14.00 (VIOLATED)
   system/subsystem_fbus/n2406 (dont_touch)    10.00    24.00   -14.00 (VIOLATED)
   system/subsystem_mbus/n1984 (dont_touch)    10.00    24.00   -14.00 (VIOLATED)
   system/subsystem_pbus/n3267 (dont_touch)    10.00    24.00   -14.00 (VIOLATED)
   system/subsystem_pbus/n3269 (dont_touch)    10.00    24.00   -14.00 (VIOLATED)
   system/subsystem_pbus/n3280 (dont_touch)    10.00    24.00   -14.00 (VIOLATED)
   system/subsystem_pbus/n3291 (dont_touch)    10.00    24.00   -14.00 (VIOLATED)
   system/subsystem_pbus/n3298 (dont_touch)    10.00    24.00   -14.00 (VIOLATED)
   system/subsystem_pbus/n3300 (dont_touch)    10.00    24.00   -14.00 (VIOLATED)
   system/subsystem_pbus/n5828 (dont_touch)    10.00    24.00   -14.00 (VIOLATED)
   system/subsystem_pbus/n6706 (dont_touch)    10.00    24.00   -14.00 (VIOLATED)
   system/subsystem_pbus/n7011 (dont_touch)    10.00    24.00   -14.00 (VIOLATED)
   system/subsystem_cbus/n5379 (dont_touch)    10.00    23.00   -13.00 (VIOLATED)
   system/subsystem_cbus/n5381 (dont_touch)    10.00    23.00   -13.00 (VIOLATED)
   system/subsystem_cbus/n5416 (dont_touch)    10.00    23.00   -13.00 (VIOLATED)
   system/subsystem_cbus/n10399 (dont_touch)    10.00    23.00   -13.00 (VIOLATED)
   system/subsystem_cbus/n10520 (dont_touch)    10.00    23.00   -13.00 (VIOLATED)
   system/subsystem_cbus/n11995 (dont_touch)    10.00    23.00   -13.00 (VIOLATED)
   system/subsystem_cbus/n12150 (dont_touch)    10.00    23.00   -13.00 (VIOLATED)
   system/subsystem_cbus/n12177 (dont_touch)    10.00    23.00   -13.00 (VIOLATED)
   system/subsystem_fbus/n1617 (dont_touch)    10.00    23.00   -13.00 (VIOLATED)
   system/subsystem_fbus/n1920 (dont_touch)    10.00    23.00   -13.00 (VIOLATED)
   system/subsystem_fbus/n2263 (dont_touch)    10.00    23.00   -13.00 (VIOLATED)
   system/subsystem_fbus/n2265 (dont_touch)    10.00    23.00   -13.00 (VIOLATED)
   system/subsystem_fbus/n2282 (dont_touch)    10.00    23.00   -13.00 (VIOLATED)
   system/subsystem_fbus/n2292 (dont_touch)    10.00    23.00   -13.00 (VIOLATED)
   system/subsystem_fbus/n2302 (dont_touch)    10.00    23.00   -13.00 (VIOLATED)
   system/subsystem_fbus/n2339 (dont_touch)    10.00    23.00   -13.00 (VIOLATED)
   system/subsystem_fbus/n2346 (dont_touch)    10.00    23.00   -13.00 (VIOLATED)
   system/subsystem_fbus/n2349 (dont_touch)    10.00    23.00   -13.00 (VIOLATED)
   system/subsystem_fbus/n2350 (dont_touch)    10.00    23.00   -13.00 (VIOLATED)
   system/subsystem_pbus/n3272 (dont_touch)    10.00    23.00   -13.00 (VIOLATED)
   system/subsystem_pbus/n3276 (dont_touch)    10.00    23.00   -13.00 (VIOLATED)
   system/subsystem_pbus/n3308 (dont_touch)    10.00    23.00   -13.00 (VIOLATED)
   system/subsystem_pbus/n3318 (dont_touch)    10.00    23.00   -13.00 (VIOLATED)
   system/subsystem_pbus/n4484 (dont_touch)    10.00    23.00   -13.00 (VIOLATED)
   system/subsystem_pbus/n6226 (dont_touch)    10.00    23.00   -13.00 (VIOLATED)
   system/subsystem_pbus/n6839 (dont_touch)    10.00    23.00   -13.00 (VIOLATED)
   system/subsystem_pbus/n6976 (dont_touch)    10.00    23.00   -13.00 (VIOLATED)
   system/subsystem_pbus/n7125 (dont_touch)    10.00    23.00   -13.00 (VIOLATED)
   system/subsystem_cbus/n5388 (dont_touch)    10.00    22.00   -12.00 (VIOLATED)
   system/subsystem_cbus/n5406 (dont_touch)    10.00    22.00   -12.00 (VIOLATED)
   system/subsystem_cbus/n12003 (dont_touch)    10.00    22.00   -12.00 (VIOLATED)
   system/subsystem_cbus/n12144 (dont_touch)    10.00    22.00   -12.00 (VIOLATED)
   system/subsystem_cbus/n12401 (dont_touch)    10.00    22.00   -12.00 (VIOLATED)
   system/subsystem_cbus/n12473 (dont_touch)    10.00    22.00   -12.00 (VIOLATED)
   system/subsystem_cbus/n12817 (dont_touch)    10.00    22.00   -12.00 (VIOLATED)
   system/subsystem_cbus/n13624 (dont_touch)    10.00    22.00   -12.00 (VIOLATED)
   system/subsystem_fbus/n2006 (dont_touch)    10.00    22.00   -12.00 (VIOLATED)
   system/subsystem_fbus/n2225 (dont_touch)    10.00    22.00   -12.00 (VIOLATED)
   system/subsystem_fbus/n2272 (dont_touch)    10.00    22.00   -12.00 (VIOLATED)
   system/subsystem_mbus/n2999 (dont_touch)    10.00    22.00   -12.00 (VIOLATED)
   system/subsystem_mbus/n3189 (dont_touch)    10.00    22.00   -12.00 (VIOLATED)
   system/subsystem_mbus/n3192 (dont_touch)    10.00    22.00   -12.00 (VIOLATED)
   system/subsystem_pbus/n3282 (dont_touch)    10.00    22.00   -12.00 (VIOLATED)
   system/subsystem_pbus/n3285 (dont_touch)    10.00    22.00   -12.00 (VIOLATED)
   system/subsystem_pbus/n3319 (dont_touch)    10.00    22.00   -12.00 (VIOLATED)
   system/subsystem_pbus/n4467 (dont_touch)    10.00    22.00   -12.00 (VIOLATED)
   system/subsystem_pbus/n6120 (dont_touch)    10.00    22.00   -12.00 (VIOLATED)
   system/subsystem_pbus/n6205 (dont_touch)    10.00    22.00   -12.00 (VIOLATED)
   system/subsystem_pbus/n6955 (dont_touch)    10.00    22.00   -12.00 (VIOLATED)
   system/subsystem_cbus/n5407 (dont_touch)    10.00    21.00   -11.00 (VIOLATED)
   system/subsystem_cbus/n10474 (dont_touch)    10.00    21.00   -11.00 (VIOLATED)
   system/subsystem_cbus/n11761 (dont_touch)    10.00    21.00   -11.00 (VIOLATED)
   system/subsystem_cbus/n12188 (dont_touch)    10.00    21.00   -11.00 (VIOLATED)
   system/subsystem_cbus/n12360 (dont_touch)    10.00    21.00   -11.00 (VIOLATED)
   system/subsystem_cbus/n12465 (dont_touch)    10.00    21.00   -11.00 (VIOLATED)
   system/subsystem_cbus/n12753 (dont_touch)    10.00    21.00   -11.00 (VIOLATED)
   system/subsystem_cbus/n12930 (dont_touch)    10.00    21.00   -11.00 (VIOLATED)
   system/subsystem_cbus/n13259 (dont_touch)    10.00    21.00   -11.00 (VIOLATED)
   system/subsystem_cbus/n13273 (dont_touch)    10.00    21.00   -11.00 (VIOLATED)
   system/subsystem_fbus/n1636 (dont_touch)    10.00    21.00   -11.00 (VIOLATED)
   system/subsystem_mbus/n2015 (dont_touch)    10.00    21.00   -11.00 (VIOLATED)
   system/subsystem_mbus/n3188 (dont_touch)    10.00    21.00   -11.00 (VIOLATED)
   system/subsystem_pbus/n3281 (dont_touch)    10.00    21.00   -11.00 (VIOLATED)
   system/subsystem_pbus/n3297 (dont_touch)    10.00    21.00   -11.00 (VIOLATED)
   system/subsystem_pbus/n4936 (dont_touch)    10.00    21.00   -11.00 (VIOLATED)
   system/subsystem_pbus/n6334 (dont_touch)    10.00    21.00   -11.00 (VIOLATED)
   system/subsystem_pbus/n6340 (dont_touch)    10.00    21.00   -11.00 (VIOLATED)
   system/subsystem_pbus/n6786 (dont_touch)    10.00    21.00   -11.00 (VIOLATED)
   system/subsystem_pbus/n6843 (dont_touch)    10.00    21.00   -11.00 (VIOLATED)
   system/subsystem_pbus/n6844 (dont_touch)    10.00    21.00   -11.00 (VIOLATED)
   system/subsystem_cbus/n10517 (dont_touch)    10.00    20.00   -10.00 (VIOLATED)
   system/subsystem_cbus/n10823 (dont_touch)    10.00    20.00   -10.00 (VIOLATED)
   system/subsystem_mbus/n1990 (dont_touch)    10.00    20.00   -10.00 (VIOLATED)
   system/subsystem_mbus/n2008 (dont_touch)    10.00    20.00   -10.00 (VIOLATED)
   system/subsystem_mbus/n3187 (dont_touch)    10.00    20.00   -10.00 (VIOLATED)
   system/subsystem_mbus/n3191 (dont_touch)    10.00    20.00   -10.00 (VIOLATED)
   system/subsystem_pbus/n3268 (dont_touch)    10.00    20.00   -10.00 (VIOLATED)
   system/subsystem_pbus/n3275 (dont_touch)    10.00    20.00   -10.00 (VIOLATED)
   system/subsystem_pbus/n6227 (dont_touch)    10.00    20.00   -10.00 (VIOLATED)
   system/subsystem_cbus/n6641 (dont_touch)    10.00    19.00    -9.00 (VIOLATED)
   system/subsystem_cbus/n10600 (dont_touch)    10.00    19.00    -9.00 (VIOLATED)
   system/subsystem_cbus/n11123 (dont_touch)    10.00    19.00    -9.00 (VIOLATED)
   system/subsystem_cbus/n11605 (dont_touch)    10.00    19.00    -9.00 (VIOLATED)
   system/subsystem_cbus/n12358 (dont_touch)    10.00    19.00    -9.00 (VIOLATED)
   system/subsystem_cbus/n12402 (dont_touch)    10.00    19.00    -9.00 (VIOLATED)
   system/subsystem_cbus/n12744 (dont_touch)    10.00    19.00    -9.00 (VIOLATED)
   system/subsystem_cbus/n12894 (dont_touch)    10.00    19.00    -9.00 (VIOLATED)
   system/subsystem_cbus/n13262 (dont_touch)    10.00    19.00    -9.00 (VIOLATED)
   system/subsystem_cbus/n13622 (dont_touch)    10.00    19.00    -9.00 (VIOLATED)
   system/subsystem_fbus/n1580 (dont_touch)    10.00    19.00    -9.00 (VIOLATED)
   system/subsystem_fbus/n2169 (dont_touch)    10.00    19.00    -9.00 (VIOLATED)
   system/subsystem_mbus/n3647 (dont_touch)    10.00    19.00    -9.00 (VIOLATED)
   system/subsystem_mbus/n3714 (dont_touch)    10.00    19.00    -9.00 (VIOLATED)
   system/subsystem_pbus/n3283 (dont_touch)    10.00    19.00    -9.00 (VIOLATED)
   system/subsystem_pbus/n3321 (dont_touch)    10.00    19.00    -9.00 (VIOLATED)
   system/subsystem_pbus/n3570 (dont_touch)    10.00    19.00    -9.00 (VIOLATED)
   system/subsystem_pbus/n5452 (dont_touch)    10.00    19.00    -9.00 (VIOLATED)
   system/subsystem_pbus/n6059 (dont_touch)    10.00    19.00    -9.00 (VIOLATED)
   system/subsystem_pbus/n6877 (dont_touch)    10.00    19.00    -9.00 (VIOLATED)
   system/subsystem_pbus/n6882 (dont_touch)    10.00    19.00    -9.00 (VIOLATED)
   system/subsystem_pbus/n6963 (dont_touch)    10.00    19.00    -9.00 (VIOLATED)
   system/subsystem_cbus/n5390 (dont_touch)    10.00    18.00    -8.00 (VIOLATED)
   system/subsystem_cbus/n5409 (dont_touch)    10.00    18.00    -8.00 (VIOLATED)
   system/subsystem_cbus/n9122 (dont_touch)    10.00    18.00    -8.00 (VIOLATED)
   system/subsystem_cbus/n10896 (dont_touch)    10.00    18.00    -8.00 (VIOLATED)
   system/subsystem_cbus/n11008 (dont_touch)    10.00    18.00    -8.00 (VIOLATED)
   system/subsystem_cbus/n11081 (dont_touch)    10.00    18.00    -8.00 (VIOLATED)
   system/subsystem_cbus/n11208 (dont_touch)    10.00    18.00    -8.00 (VIOLATED)
   system/subsystem_cbus/n11855 (dont_touch)    10.00    18.00    -8.00 (VIOLATED)
   system/subsystem_cbus/n12762 (dont_touch)    10.00    18.00    -8.00 (VIOLATED)
   system/subsystem_cbus/n12820 (dont_touch)    10.00    18.00    -8.00 (VIOLATED)
   system/subsystem_cbus/n12847 (dont_touch)    10.00    18.00    -8.00 (VIOLATED)
   system/subsystem_cbus/n13016 (dont_touch)    10.00    18.00    -8.00 (VIOLATED)
   system/subsystem_cbus/n13250 (dont_touch)    10.00    18.00    -8.00 (VIOLATED)
   system/subsystem_cbus/n13281 (dont_touch)    10.00    18.00    -8.00 (VIOLATED)
   system/subsystem_fbus/n1759 (dont_touch)    10.00    18.00    -8.00 (VIOLATED)
   system/subsystem_fbus/n1797 (dont_touch)    10.00    18.00    -8.00 (VIOLATED)
   system/subsystem_fbus/n2008 (dont_touch)    10.00    18.00    -8.00 (VIOLATED)
   system/subsystem_fbus/n2015 (dont_touch)    10.00    18.00    -8.00 (VIOLATED)
   system/subsystem_fbus/n2229 (dont_touch)    10.00    18.00    -8.00 (VIOLATED)
   system/subsystem_fbus/n2385 (dont_touch)    10.00    18.00    -8.00 (VIOLATED)
   system/subsystem_fbus/n2388 (dont_touch)    10.00    18.00    -8.00 (VIOLATED)
   system/subsystem_mbus/n4574 (dont_touch)    10.00    18.00    -8.00 (VIOLATED)
   system/subsystem_mbus/n4614 (dont_touch)    10.00    18.00    -8.00 (VIOLATED)
   system/subsystem_pbus/n3286 (dont_touch)    10.00    18.00    -8.00 (VIOLATED)
   system/subsystem_pbus/n3302 (dont_touch)    10.00    18.00    -8.00 (VIOLATED)
   system/subsystem_pbus/n5666 (dont_touch)    10.00    18.00    -8.00 (VIOLATED)
   system/subsystem_pbus/n6158 (dont_touch)    10.00    18.00    -8.00 (VIOLATED)
   system/subsystem_pbus/n6245 (dont_touch)    10.00    18.00    -8.00 (VIOLATED)
   system/subsystem_pbus/n6342 (dont_touch)    10.00    18.00    -8.00 (VIOLATED)
   system/subsystem_pbus/n6798 (dont_touch)    10.00    18.00    -8.00 (VIOLATED)
   system/subsystem_pbus/n6846 (dont_touch)    10.00    18.00    -8.00 (VIOLATED)
   system/subsystem_pbus/n6977 (dont_touch)    10.00    18.00    -8.00 (VIOLATED)
   system/subsystem_pbus/n6983 (dont_touch)    10.00    18.00    -8.00 (VIOLATED)
   system/subsystem_cbus/n7670 (dont_touch)    10.00    17.00    -7.00 (VIOLATED)
   system/subsystem_cbus/n10455 (dont_touch)    10.00    17.00    -7.00 (VIOLATED)
   system/subsystem_cbus/n10636 (dont_touch)    10.00    17.00    -7.00 (VIOLATED)
   system/subsystem_cbus/n10869 (dont_touch)    10.00    17.00    -7.00 (VIOLATED)
   system/subsystem_cbus/n11082 (dont_touch)    10.00    17.00    -7.00 (VIOLATED)
   system/subsystem_cbus/n11117 (dont_touch)    10.00    17.00    -7.00 (VIOLATED)
   system/subsystem_cbus/n11215 (dont_touch)    10.00    17.00    -7.00 (VIOLATED)
   system/subsystem_cbus/n12167 (dont_touch)    10.00    17.00    -7.00 (VIOLATED)
   system/subsystem_cbus/n12529 (dont_touch)    10.00    17.00    -7.00 (VIOLATED)
   system/subsystem_cbus/n12540 (dont_touch)    10.00    17.00    -7.00 (VIOLATED)
   system/subsystem_fbus/n2175 (dont_touch)    10.00    17.00    -7.00 (VIOLATED)
   system/subsystem_mbus/n3079 (dont_touch)    10.00    17.00    -7.00 (VIOLATED)
   system/subsystem_mbus/n3575 (dont_touch)    10.00    17.00    -7.00 (VIOLATED)
   system/subsystem_mbus/n4458 (dont_touch)    10.00    17.00    -7.00 (VIOLATED)
   system/subsystem_mbus/n4484 (dont_touch)    10.00    17.00    -7.00 (VIOLATED)
   system/subsystem_mbus/n4500 (dont_touch)    10.00    17.00    -7.00 (VIOLATED)
   system/subsystem_mbus/n4604 (dont_touch)    10.00    17.00    -7.00 (VIOLATED)
   system/subsystem_pbus/n3304 (dont_touch)    10.00    17.00    -7.00 (VIOLATED)
   system/subsystem_pbus/n5529 (dont_touch)    10.00    17.00    -7.00 (VIOLATED)
   system/subsystem_pbus/n5764 (dont_touch)    10.00    17.00    -7.00 (VIOLATED)
   system/subsystem_pbus/n6106 (dont_touch)    10.00    17.00    -7.00 (VIOLATED)
   system/subsystem_pbus/n6300 (dont_touch)    10.00    17.00    -7.00 (VIOLATED)
   system/subsystem_pbus/n6618 (dont_touch)    10.00    17.00    -7.00 (VIOLATED)
   system/subsystem_cbus/n5413 (dont_touch)    10.00    16.00    -6.00 (VIOLATED)
   system/subsystem_cbus/n6961 (dont_touch)    10.00    16.00    -6.00 (VIOLATED)
   system/subsystem_cbus/n7682 (dont_touch)    10.00    16.00    -6.00 (VIOLATED)
   system/subsystem_cbus/n8616 (dont_touch)    10.00    16.00    -6.00 (VIOLATED)
   system/subsystem_cbus/n9089 (dont_touch)    10.00    16.00    -6.00 (VIOLATED)
   system/subsystem_cbus/n9380 (dont_touch)    10.00    16.00    -6.00 (VIOLATED)
   system/subsystem_cbus/n10083 (dont_touch)    10.00    16.00    -6.00 (VIOLATED)
   system/subsystem_cbus/n10165 (dont_touch)    10.00    16.00    -6.00 (VIOLATED)
   system/subsystem_cbus/n10361 (dont_touch)    10.00    16.00    -6.00 (VIOLATED)
   system/subsystem_cbus/n10928 (dont_touch)    10.00    16.00    -6.00 (VIOLATED)
   system/subsystem_cbus/n11551 (dont_touch)    10.00    16.00    -6.00 (VIOLATED)
   system/subsystem_cbus/n12140 (dont_touch)    10.00    16.00    -6.00 (VIOLATED)
   system/subsystem_cbus/n12837 (dont_touch)    10.00    16.00    -6.00 (VIOLATED)
   system/subsystem_cbus/n13006 (dont_touch)    10.00    16.00    -6.00 (VIOLATED)
   system/subsystem_cbus/n13620 (dont_touch)    10.00    16.00    -6.00 (VIOLATED)
   system/subsystem_fbus/n1422 (dont_touch)    10.00    16.00    -6.00 (VIOLATED)
   system/subsystem_fbus/n1450 (dont_touch)    10.00    16.00    -6.00 (VIOLATED)
   system/subsystem_fbus/n1473 (dont_touch)    10.00    16.00    -6.00 (VIOLATED)
   system/subsystem_fbus/n1474 (dont_touch)    10.00    16.00    -6.00 (VIOLATED)
   system/subsystem_fbus/n1871 (dont_touch)    10.00    16.00    -6.00 (VIOLATED)
   system/subsystem_fbus/n1930 (dont_touch)    10.00    16.00    -6.00 (VIOLATED)
   system/subsystem_fbus/n1958 (dont_touch)    10.00    16.00    -6.00 (VIOLATED)
   system/subsystem_fbus/n1971 (dont_touch)    10.00    16.00    -6.00 (VIOLATED)
   system/subsystem_fbus/n2000 (dont_touch)    10.00    16.00    -6.00 (VIOLATED)
   system/subsystem_fbus/n2173 (dont_touch)    10.00    16.00    -6.00 (VIOLATED)
   system/subsystem_fbus/n2176 (dont_touch)    10.00    16.00    -6.00 (VIOLATED)
   system/subsystem_mbus/n2993 (dont_touch)    10.00    16.00    -6.00 (VIOLATED)
   system/subsystem_mbus/n3536 (dont_touch)    10.00    16.00    -6.00 (VIOLATED)
   system/subsystem_mbus/n3707 (dont_touch)    10.00    16.00    -6.00 (VIOLATED)
   system/subsystem_mbus/n4478 (dont_touch)    10.00    16.00    -6.00 (VIOLATED)
   system/subsystem_pbus/n4024 (dont_touch)    10.00    16.00    -6.00 (VIOLATED)
   system/subsystem_pbus/n4341 (dont_touch)    10.00    16.00    -6.00 (VIOLATED)
   system/subsystem_pbus/n5799 (dont_touch)    10.00    16.00    -6.00 (VIOLATED)
   system/subsystem_pbus/n6142 (dont_touch)    10.00    16.00    -6.00 (VIOLATED)
   system/subsystem_cbus/n5380 (dont_touch)    10.00    15.00    -5.00 (VIOLATED)
   system/subsystem_cbus/n5391 (dont_touch)    10.00    15.00    -5.00 (VIOLATED)
   system/subsystem_cbus/n5586 (dont_touch)    10.00    15.00    -5.00 (VIOLATED)
   system/subsystem_cbus/n6823 (dont_touch)    10.00    15.00    -5.00 (VIOLATED)
   system/subsystem_cbus/n6975 (dont_touch)    10.00    15.00    -5.00 (VIOLATED)
   system/subsystem_cbus/n8174 (dont_touch)    10.00    15.00    -5.00 (VIOLATED)
   system/subsystem_cbus/n8528 (dont_touch)    10.00    15.00    -5.00 (VIOLATED)
   system/subsystem_cbus/n9573 (dont_touch)    10.00    15.00    -5.00 (VIOLATED)
   system/subsystem_cbus/n10346 (dont_touch)    10.00    15.00    -5.00 (VIOLATED)
   system/subsystem_cbus/n10436 (dont_touch)    10.00    15.00    -5.00 (VIOLATED)
   system/subsystem_cbus/n10451 (dont_touch)    10.00    15.00    -5.00 (VIOLATED)
   system/subsystem_cbus/n10502 (dont_touch)    10.00    15.00    -5.00 (VIOLATED)
   system/subsystem_cbus/n10897 (dont_touch)    10.00    15.00    -5.00 (VIOLATED)
   system/subsystem_cbus/n10941 (dont_touch)    10.00    15.00    -5.00 (VIOLATED)
   system/subsystem_cbus/n11093 (dont_touch)    10.00    15.00    -5.00 (VIOLATED)
   system/subsystem_cbus/n11456 (dont_touch)    10.00    15.00    -5.00 (VIOLATED)
   system/subsystem_cbus/n11693 (dont_touch)    10.00    15.00    -5.00 (VIOLATED)
   system/subsystem_cbus/n12138 (dont_touch)    10.00    15.00    -5.00 (VIOLATED)
   system/subsystem_cbus/n12444 (dont_touch)    10.00    15.00    -5.00 (VIOLATED)
   system/subsystem_cbus/n12451 (dont_touch)    10.00    15.00    -5.00 (VIOLATED)
   system/subsystem_cbus/n12539 (dont_touch)    10.00    15.00    -5.00 (VIOLATED)
   system/subsystem_cbus/n12577 (dont_touch)    10.00    15.00    -5.00 (VIOLATED)
   system/subsystem_cbus/n12816 (dont_touch)    10.00    15.00    -5.00 (VIOLATED)
   system/subsystem_cbus/n12993 (dont_touch)    10.00    15.00    -5.00 (VIOLATED)
   system/subsystem_cbus/n13270 (dont_touch)    10.00    15.00    -5.00 (VIOLATED)
   system/subsystem_cbus/n13716 (dont_touch)    10.00    15.00    -5.00 (VIOLATED)
   system/subsystem_fbus/n1427 (dont_touch)    10.00    15.00    -5.00 (VIOLATED)
   system/subsystem_fbus/n1618 (dont_touch)    10.00    15.00    -5.00 (VIOLATED)
   system/subsystem_fbus/n1787 (dont_touch)    10.00    15.00    -5.00 (VIOLATED)
   system/subsystem_fbus/n1789 (dont_touch)    10.00    15.00    -5.00 (VIOLATED)
   system/subsystem_fbus/n1890 (dont_touch)    10.00    15.00    -5.00 (VIOLATED)
   system/subsystem_fbus/n2166 (dont_touch)    10.00    15.00    -5.00 (VIOLATED)
   system/subsystem_fbus/n2187 (dont_touch)    10.00    15.00    -5.00 (VIOLATED)
   system/subsystem_fbus/n2194 (dont_touch)    10.00    15.00    -5.00 (VIOLATED)
   system/subsystem_mbus/n3190 (dont_touch)    10.00    15.00    -5.00 (VIOLATED)
   system/subsystem_pbus/n3271 (dont_touch)    10.00    15.00    -5.00 (VIOLATED)
   system/subsystem_pbus/n5749 (dont_touch)    10.00    15.00    -5.00 (VIOLATED)
   system/subsystem_pbus/n5833 (dont_touch)    10.00    15.00    -5.00 (VIOLATED)
   system/subsystem_pbus/n6569 (dont_touch)    10.00    15.00    -5.00 (VIOLATED)
   system/subsystem_pbus/n6585 (dont_touch)    10.00    15.00    -5.00 (VIOLATED)
   system/subsystem_pbus/n6845 (dont_touch)    10.00    15.00    -5.00 (VIOLATED)
   system/subsystem_pbus/n6981 (dont_touch)    10.00    15.00    -5.00 (VIOLATED)
   system/subsystem_pbus/n7093 (dont_touch)    10.00    15.00    -5.00 (VIOLATED)
   system/subsystem_pbus/n7105 (dont_touch)    10.00    15.00    -5.00 (VIOLATED)
   reset (dont_touch)          10.00          14.00          -4.00  (VIOLATED)
   system/subsystem_cbus/n5411 (dont_touch)    10.00    14.00    -4.00 (VIOLATED)
   system/subsystem_cbus/n5423 (dont_touch)    10.00    14.00    -4.00 (VIOLATED)
   system/subsystem_cbus/n8010 (dont_touch)    10.00    14.00    -4.00 (VIOLATED)
   system/subsystem_cbus/n10071 (dont_touch)    10.00    14.00    -4.00 (VIOLATED)
   system/subsystem_cbus/n10363 (dont_touch)    10.00    14.00    -4.00 (VIOLATED)
   system/subsystem_cbus/n10509 (dont_touch)    10.00    14.00    -4.00 (VIOLATED)
   system/subsystem_cbus/n11476 (dont_touch)    10.00    14.00    -4.00 (VIOLATED)
   system/subsystem_cbus/n11487 (dont_touch)    10.00    14.00    -4.00 (VIOLATED)
   system/subsystem_cbus/n11553 (dont_touch)    10.00    14.00    -4.00 (VIOLATED)
   system/subsystem_cbus/n11944 (dont_touch)    10.00    14.00    -4.00 (VIOLATED)
   system/subsystem_cbus/n12099 (dont_touch)    10.00    14.00    -4.00 (VIOLATED)
   system/subsystem_cbus/n12290 (dont_touch)    10.00    14.00    -4.00 (VIOLATED)
   system/subsystem_cbus/n12340 (dont_touch)    10.00    14.00    -4.00 (VIOLATED)
   system/subsystem_cbus/n12462 (dont_touch)    10.00    14.00    -4.00 (VIOLATED)
   system/subsystem_cbus/n12466 (dont_touch)    10.00    14.00    -4.00 (VIOLATED)
   system/subsystem_cbus/n12956 (dont_touch)    10.00    14.00    -4.00 (VIOLATED)
   system/subsystem_cbus/n13055 (dont_touch)    10.00    14.00    -4.00 (VIOLATED)
   system/subsystem_cbus/n13195 (dont_touch)    10.00    14.00    -4.00 (VIOLATED)
   system/subsystem_cbus/n13217 (dont_touch)    10.00    14.00    -4.00 (VIOLATED)
   system/subsystem_fbus/n1416 (dont_touch)    10.00    14.00    -4.00 (VIOLATED)
   system/subsystem_fbus/n1421 (dont_touch)    10.00    14.00    -4.00 (VIOLATED)
   system/subsystem_fbus/n1585 (dont_touch)    10.00    14.00    -4.00 (VIOLATED)
   system/subsystem_fbus/n1813 (dont_touch)    10.00    14.00    -4.00 (VIOLATED)
   system/subsystem_fbus/n2237 (dont_touch)    10.00    14.00    -4.00 (VIOLATED)
   system/subsystem_mbus/n2489 (dont_touch)    10.00    14.00    -4.00 (VIOLATED)
   system/subsystem_mbus/n3564 (dont_touch)    10.00    14.00    -4.00 (VIOLATED)
   system/subsystem_mbus/n3723 (dont_touch)    10.00    14.00    -4.00 (VIOLATED)
   system/subsystem_mbus/n3810 (dont_touch)    10.00    14.00    -4.00 (VIOLATED)
   system/subsystem_mbus/n4555 (dont_touch)    10.00    14.00    -4.00 (VIOLATED)
   system/subsystem_pbus/n3295 (dont_touch)    10.00    14.00    -4.00 (VIOLATED)
   system/subsystem_pbus/n3322 (dont_touch)    10.00    14.00    -4.00 (VIOLATED)
   system/subsystem_pbus/n3657 (dont_touch)    10.00    14.00    -4.00 (VIOLATED)
   system/subsystem_pbus/n3883 (dont_touch)    10.00    14.00    -4.00 (VIOLATED)
   system/subsystem_pbus/n5001 (dont_touch)    10.00    14.00    -4.00 (VIOLATED)
   system/subsystem_pbus/n5620 (dont_touch)    10.00    14.00    -4.00 (VIOLATED)
   system/subsystem_pbus/n6175 (dont_touch)    10.00    14.00    -4.00 (VIOLATED)
   system/subsystem_pbus/n6425 (dont_touch)    10.00    14.00    -4.00 (VIOLATED)
   system/subsystem_pbus/n6589 (dont_touch)    10.00    14.00    -4.00 (VIOLATED)
   system/subsystem_pbus/n7145 (dont_touch)    10.00    14.00    -4.00 (VIOLATED)
   axi4_mem_0_reset            10.00          13.00          -3.00  (VIOLATED)
   system/subsystem_cbus/n5563 (dont_touch)    10.00    13.00    -3.00 (VIOLATED)
   system/subsystem_cbus/n6599 (dont_touch)    10.00    13.00    -3.00 (VIOLATED)
   system/subsystem_cbus/n6886 (dont_touch)    10.00    13.00    -3.00 (VIOLATED)
   system/subsystem_cbus/n6948 (dont_touch)    10.00    13.00    -3.00 (VIOLATED)
   system/subsystem_cbus/n10152 (dont_touch)    10.00    13.00    -3.00 (VIOLATED)
   system/subsystem_cbus/n10282 (dont_touch)    10.00    13.00    -3.00 (VIOLATED)
   system/subsystem_cbus/n10503 (dont_touch)    10.00    13.00    -3.00 (VIOLATED)
   system/subsystem_cbus/n10505 (dont_touch)    10.00    13.00    -3.00 (VIOLATED)
   system/subsystem_cbus/n10525 (dont_touch)    10.00    13.00    -3.00 (VIOLATED)
   system/subsystem_cbus/n10587 (dont_touch)    10.00    13.00    -3.00 (VIOLATED)
   system/subsystem_cbus/n10795 (dont_touch)    10.00    13.00    -3.00 (VIOLATED)
   system/subsystem_cbus/n10807 (dont_touch)    10.00    13.00    -3.00 (VIOLATED)
   system/subsystem_cbus/n11547 (dont_touch)    10.00    13.00    -3.00 (VIOLATED)
   system/subsystem_cbus/n11594 (dont_touch)    10.00    13.00    -3.00 (VIOLATED)
   system/subsystem_cbus/n11649 (dont_touch)    10.00    13.00    -3.00 (VIOLATED)
   system/subsystem_cbus/n11651 (dont_touch)    10.00    13.00    -3.00 (VIOLATED)
   system/subsystem_cbus/n11993 (dont_touch)    10.00    13.00    -3.00 (VIOLATED)
   system/subsystem_cbus/n12266 (dont_touch)    10.00    13.00    -3.00 (VIOLATED)
   system/subsystem_cbus/n12348 (dont_touch)    10.00    13.00    -3.00 (VIOLATED)
   system/subsystem_cbus/n12805 (dont_touch)    10.00    13.00    -3.00 (VIOLATED)
   system/subsystem_cbus/n12896 (dont_touch)    10.00    13.00    -3.00 (VIOLATED)
   system/subsystem_cbus/n12907 (dont_touch)    10.00    13.00    -3.00 (VIOLATED)
   system/subsystem_cbus/n13019 (dont_touch)    10.00    13.00    -3.00 (VIOLATED)
   system/subsystem_cbus/n13072 (dont_touch)    10.00    13.00    -3.00 (VIOLATED)
   system/subsystem_cbus/n13278 (dont_touch)    10.00    13.00    -3.00 (VIOLATED)
   system/subsystem_cbus/n13284 (dont_touch)    10.00    13.00    -3.00 (VIOLATED)
   system/subsystem_fbus/n1430 (dont_touch)    10.00    13.00    -3.00 (VIOLATED)
   system/subsystem_fbus/n1597 (dont_touch)    10.00    13.00    -3.00 (VIOLATED)
   system/subsystem_fbus/n1794 (dont_touch)    10.00    13.00    -3.00 (VIOLATED)
   system/subsystem_fbus/n1803 (dont_touch)    10.00    13.00    -3.00 (VIOLATED)
   system/subsystem_fbus/n1809 (dont_touch)    10.00    13.00    -3.00 (VIOLATED)
   system/subsystem_fbus/n1842 (dont_touch)    10.00    13.00    -3.00 (VIOLATED)
   system/subsystem_fbus/n1918 (dont_touch)    10.00    13.00    -3.00 (VIOLATED)
   system/subsystem_fbus/n1932 (dont_touch)    10.00    13.00    -3.00 (VIOLATED)
   system/subsystem_fbus/n1965 (dont_touch)    10.00    13.00    -3.00 (VIOLATED)
   system/subsystem_fbus/n1981 (dont_touch)    10.00    13.00    -3.00 (VIOLATED)
   system/subsystem_fbus/n2074 (dont_touch)    10.00    13.00    -3.00 (VIOLATED)
   system/subsystem_fbus/n2075 (dont_touch)    10.00    13.00    -3.00 (VIOLATED)
   system/subsystem_fbus/n2080 (dont_touch)    10.00    13.00    -3.00 (VIOLATED)
   system/subsystem_fbus/n2087 (dont_touch)    10.00    13.00    -3.00 (VIOLATED)
   system/subsystem_mbus/n2005 (dont_touch)    10.00    13.00    -3.00 (VIOLATED)
   system/subsystem_mbus/n2013 (dont_touch)    10.00    13.00    -3.00 (VIOLATED)
   system/subsystem_pbus/n3278 (dont_touch)    10.00    13.00    -3.00 (VIOLATED)
   system/subsystem_pbus/n3279 (dont_touch)    10.00    13.00    -3.00 (VIOLATED)
   system/subsystem_pbus/n3962 (dont_touch)    10.00    13.00    -3.00 (VIOLATED)
   system/subsystem_pbus/n4082 (dont_touch)    10.00    13.00    -3.00 (VIOLATED)
   system/subsystem_pbus/n4262 (dont_touch)    10.00    13.00    -3.00 (VIOLATED)
   system/subsystem_pbus/n4265 (dont_touch)    10.00    13.00    -3.00 (VIOLATED)
   system/subsystem_pbus/n4275 (dont_touch)    10.00    13.00    -3.00 (VIOLATED)
   system/subsystem_pbus/n4368 (dont_touch)    10.00    13.00    -3.00 (VIOLATED)
   system/subsystem_pbus/n4394 (dont_touch)    10.00    13.00    -3.00 (VIOLATED)
   system/subsystem_pbus/n5044 (dont_touch)    10.00    13.00    -3.00 (VIOLATED)
   system/subsystem_pbus/n5326 (dont_touch)    10.00    13.00    -3.00 (VIOLATED)
   system/subsystem_pbus/n5777 (dont_touch)    10.00    13.00    -3.00 (VIOLATED)
   system/subsystem_pbus/n6180 (dont_touch)    10.00    13.00    -3.00 (VIOLATED)
   system/subsystem_pbus/n6849 (dont_touch)    10.00    13.00    -3.00 (VIOLATED)
   system/subsystem_pbus/n6917 (dont_touch)    10.00    13.00    -3.00 (VIOLATED)
   system/subsystem_pbus/n7101 (dont_touch)    10.00    13.00    -3.00 (VIOLATED)
   system/subsystem_pbus/n7119 (dont_touch)    10.00    13.00    -3.00 (VIOLATED)
   system/subsystem_cbus/n5394 (dont_touch)    10.00    12.00    -2.00 (VIOLATED)
   system/subsystem_cbus/n5395 (dont_touch)    10.00    12.00    -2.00 (VIOLATED)
   system/subsystem_cbus/n5443 (dont_touch)    10.00    12.00    -2.00 (VIOLATED)
   system/subsystem_cbus/n5444 (dont_touch)    10.00    12.00    -2.00 (VIOLATED)
   system/subsystem_cbus/n6642 (dont_touch)    10.00    12.00    -2.00 (VIOLATED)
   system/subsystem_cbus/n6942 (dont_touch)    10.00    12.00    -2.00 (VIOLATED)
   system/subsystem_cbus/n6962 (dont_touch)    10.00    12.00    -2.00 (VIOLATED)
   system/subsystem_cbus/n9651 (dont_touch)    10.00    12.00    -2.00 (VIOLATED)
   system/subsystem_cbus/n9817 (dont_touch)    10.00    12.00    -2.00 (VIOLATED)
   system/subsystem_cbus/n10547 (dont_touch)    10.00    12.00    -2.00 (VIOLATED)
   system/subsystem_cbus/n11023 (dont_touch)    10.00    12.00    -2.00 (VIOLATED)
   system/subsystem_cbus/n11107 (dont_touch)    10.00    12.00    -2.00 (VIOLATED)
   system/subsystem_cbus/n11420 (dont_touch)    10.00    12.00    -2.00 (VIOLATED)
   system/subsystem_cbus/n11799 (dont_touch)    10.00    12.00    -2.00 (VIOLATED)
   system/subsystem_cbus/n12195 (dont_touch)    10.00    12.00    -2.00 (VIOLATED)
   system/subsystem_cbus/n12485 (dont_touch)    10.00    12.00    -2.00 (VIOLATED)
   system/subsystem_cbus/n12506 (dont_touch)    10.00    12.00    -2.00 (VIOLATED)
   system/subsystem_cbus/n12636 (dont_touch)    10.00    12.00    -2.00 (VIOLATED)
   system/subsystem_cbus/n12654 (dont_touch)    10.00    12.00    -2.00 (VIOLATED)
   system/subsystem_cbus/n12788 (dont_touch)    10.00    12.00    -2.00 (VIOLATED)
   system/subsystem_cbus/n12790 (dont_touch)    10.00    12.00    -2.00 (VIOLATED)
   system/subsystem_cbus/n12819 (dont_touch)    10.00    12.00    -2.00 (VIOLATED)
   system/subsystem_cbus/n13099 (dont_touch)    10.00    12.00    -2.00 (VIOLATED)
   system/subsystem_cbus/n13181 (dont_touch)    10.00    12.00    -2.00 (VIOLATED)
   system/subsystem_cbus/n13221 (dont_touch)    10.00    12.00    -2.00 (VIOLATED)
   system/subsystem_cbus/n13233 (dont_touch)    10.00    12.00    -2.00 (VIOLATED)
   system/subsystem_fbus/n2004 (dont_touch)    10.00    12.00    -2.00 (VIOLATED)
   system/subsystem_mbus/n1991 (dont_touch)    10.00    12.00    -2.00 (VIOLATED)
   system/subsystem_mbus/n2007 (dont_touch)    10.00    12.00    -2.00 (VIOLATED)
   system/subsystem_mbus/n4457 (dont_touch)    10.00    12.00    -2.00 (VIOLATED)
   system/subsystem_pbus/n3290 (dont_touch)    10.00    12.00    -2.00 (VIOLATED)
   system/subsystem_pbus/n3293 (dont_touch)    10.00    12.00    -2.00 (VIOLATED)
   system/subsystem_pbus/n3343 (dont_touch)    10.00    12.00    -2.00 (VIOLATED)
   system/subsystem_pbus/n4023 (dont_touch)    10.00    12.00    -2.00 (VIOLATED)
   system/subsystem_pbus/n4270 (dont_touch)    10.00    12.00    -2.00 (VIOLATED)
   system/subsystem_pbus/n4330 (dont_touch)    10.00    12.00    -2.00 (VIOLATED)
   system/subsystem_pbus/n4385 (dont_touch)    10.00    12.00    -2.00 (VIOLATED)
   system/subsystem_pbus/n4388 (dont_touch)    10.00    12.00    -2.00 (VIOLATED)
   system/subsystem_pbus/n4391 (dont_touch)    10.00    12.00    -2.00 (VIOLATED)
   system/subsystem_pbus/n4395 (dont_touch)    10.00    12.00    -2.00 (VIOLATED)
   system/subsystem_pbus/n4503 (dont_touch)    10.00    12.00    -2.00 (VIOLATED)
   system/subsystem_pbus/n6054 (dont_touch)    10.00    12.00    -2.00 (VIOLATED)
   system/subsystem_pbus/n6299 (dont_touch)    10.00    12.00    -2.00 (VIOLATED)
   system/subsystem_pbus/n6571 (dont_touch)    10.00    12.00    -2.00 (VIOLATED)
   system/subsystem_pbus/n6970 (dont_touch)    10.00    12.00    -2.00 (VIOLATED)
   system/subsystem_cbus/n6478 (dont_touch)    10.00    11.00    -1.00 (VIOLATED)
   system/subsystem_cbus/n6524 (dont_touch)    10.00    11.00    -1.00 (VIOLATED)
   system/subsystem_cbus/n6643 (dont_touch)    10.00    11.00    -1.00 (VIOLATED)
   system/subsystem_cbus/n6931 (dont_touch)    10.00    11.00    -1.00 (VIOLATED)
   system/subsystem_cbus/n10137 (dont_touch)    10.00    11.00    -1.00 (VIOLATED)
   system/subsystem_cbus/n10492 (dont_touch)    10.00    11.00    -1.00 (VIOLATED)
   system/subsystem_cbus/n10518 (dont_touch)    10.00    11.00    -1.00 (VIOLATED)
   system/subsystem_cbus/n11079 (dont_touch)    10.00    11.00    -1.00 (VIOLATED)
   system/subsystem_cbus/n11213 (dont_touch)    10.00    11.00    -1.00 (VIOLATED)
   system/subsystem_cbus/n11344 (dont_touch)    10.00    11.00    -1.00 (VIOLATED)
   system/subsystem_cbus/n11447 (dont_touch)    10.00    11.00    -1.00 (VIOLATED)
   system/subsystem_cbus/n12172 (dont_touch)    10.00    11.00    -1.00 (VIOLATED)
   system/subsystem_cbus/n12818 (dont_touch)    10.00    11.00    -1.00 (VIOLATED)
   system/subsystem_cbus/n13265 (dont_touch)    10.00    11.00    -1.00 (VIOLATED)
   system/subsystem_fbus/n2165 (dont_touch)    10.00    11.00    -1.00 (VIOLATED)
   system/subsystem_fbus/n2413 (dont_touch)    10.00    11.00    -1.00 (VIOLATED)
   system/subsystem_l2_wrapper/n46197 (dont_touch)    10.00    11.00    -1.00 (VIOLATED)
   system/subsystem_mbus/n2490 (dont_touch)    10.00    11.00    -1.00 (VIOLATED)
   system/subsystem_mbus/n4144 (dont_touch)    10.00    11.00    -1.00 (VIOLATED)
   system/subsystem_mbus/n4178 (dont_touch)    10.00    11.00    -1.00 (VIOLATED)
   system/subsystem_mbus/n4186 (dont_touch)    10.00    11.00    -1.00 (VIOLATED)
   system/subsystem_mbus/n4257 (dont_touch)    10.00    11.00    -1.00 (VIOLATED)
   system/subsystem_pbus/n3277 (dont_touch)    10.00    11.00    -1.00 (VIOLATED)
   system/subsystem_pbus/n3292 (dont_touch)    10.00    11.00    -1.00 (VIOLATED)
   system/subsystem_pbus/n3320 (dont_touch)    10.00    11.00    -1.00 (VIOLATED)
   system/subsystem_pbus/n4063 (dont_touch)    10.00    11.00    -1.00 (VIOLATED)
   system/subsystem_pbus/n4684 (dont_touch)    10.00    11.00    -1.00 (VIOLATED)
   system/subsystem_pbus/n5008 (dont_touch)    10.00    11.00    -1.00 (VIOLATED)
   system/subsystem_pbus/n5214 (dont_touch)    10.00    11.00    -1.00 (VIOLATED)
   system/subsystem_pbus/n5225 (dont_touch)    10.00    11.00    -1.00 (VIOLATED)
   system/subsystem_pbus/n5698 (dont_touch)    10.00    11.00    -1.00 (VIOLATED)
   system/subsystem_pbus/n5721 (dont_touch)    10.00    11.00    -1.00 (VIOLATED)
   system/subsystem_pbus/n6523 (dont_touch)    10.00    11.00    -1.00 (VIOLATED)
   system/subsystem_pbus/n6640 (dont_touch)    10.00    11.00    -1.00 (VIOLATED)
   system/subsystem_pbus/n7176 (dont_touch)    10.00    11.00    -1.00 (VIOLATED)
   system/subsystem_pbus/n7193 (dont_touch)    10.00    11.00    -1.00 (VIOLATED)
   system/subsystem_pbus/n7196 (dont_touch)    10.00    11.00    -1.00 (VIOLATED)
   system_auto_subsystem_cbus_fixedClockNode_out_reset    10.00    11.00    -1.00 (VIOLATED)

   -----------------------------------------------------------------
   Total                      535             -4772.00  

   max_capacitance

                             Required        Actual
   Net                      Capacitance    Capacitance       Slack
   -----------------------------------------------------------------
   dmactiveAck_dmactiveAck_io_q     0.09       0.10          -0.01  (VIOLATED)
   system/n242 (dont_touch)     0.05           0.05          -0.01  (VIOLATED)

   -----------------------------------------------------------------
   Total                      2                  -0.02  

   max_area

                             Required        Actual
   Design                      Area           Area           Slack
   -----------------------------------------------------------------
   ChipTop                      0.00       163782896.00   -163782896.00 (VIOLATED)


   multiport_net

                             Required        Actual
   Net                          Cost           Cost          Violation
   -----------------------------------------------------------------
   system/subsystem_cbus/auto_subsystem_cbus_clock_groups_in_member_subsystem_cbus_0_clock     0.00     9.00    -9.00 (VIOLATED)
   system/subsystem_pbus/auto_subsystem_pbus_clock_groups_in_member_subsystem_pbus_0_clock     0.00     3.00    -3.00 (VIOLATED)
   system/domain/auto_clock_in_clock     0.00     1.00       -1.00  (VIOLATED)
   system/implicitClockGrouper/auto_in_member_implicitClockGrouper_implicit_clock_clock     0.00     1.00    -1.00 (VIOLATED)
   system/subsystem_fbus/auto_subsystem_fbus_clock_groups_in_member_subsystem_fbus_0_clock     0.00     1.00    -1.00 (VIOLATED)
   system/subsystem_mbus/auto_subsystem_mbus_clock_groups_in_member_subsystem_mbus_0_clock     0.00     1.00    -1.00 (VIOLATED)
   system/subsystem_sbus/auto_subsystem_sbus_clock_groups_in_member_subsystem_sbus_0_clock     0.00     1.00    -1.00 (VIOLATED)


1
